------------------------------------------------------------
Timing Analyzer Summary
------------------------------------------------------------

Type  : Slow 1200mV 85C Model Setup '50MHzClk'
Slack : 1.475
TNS   : 0.000

Type  : Slow 1200mV 85C Model Setup 'CAM_PCLK'
Slack : 36.647
TNS   : 0.000

Type  : Slow 1200mV 85C Model Setup 'altera_reserved_tck'
Slack : 44.353
TNS   : 0.000

Type  : Slow 1200mV 85C Model Hold '50MHzClk'
Slack : 0.347
TNS   : 0.000

Type  : Slow 1200mV 85C Model Hold 'altera_reserved_tck'
Slack : 0.410
TNS   : 0.000

Type  : Slow 1200mV 85C Model Hold 'CAM_PCLK'
Slack : 0.440
TNS   : 0.000

Type  : Slow 1200mV 85C Model Recovery '50MHzClk'
Slack : 13.580
TNS   : 0.000

Type  : Slow 1200mV 85C Model Recovery 'altera_reserved_tck'
Slack : 47.371
TNS   : 0.000

Type  : Slow 1200mV 85C Model Removal '50MHzClk'
Slack : 1.306
TNS   : 0.000

Type  : Slow 1200mV 85C Model Removal 'altera_reserved_tck'
Slack : 1.409
TNS   : 0.000

Type  : Slow 1200mV 85C Model Minimum Pulse Width '50MHzClk'
Slack : 9.510
TNS   : 0.000

Type  : Slow 1200mV 85C Model Minimum Pulse Width 'CAM_PCLK'
Slack : 20.366
TNS   : 0.000

Type  : Slow 1200mV 85C Model Minimum Pulse Width 'altera_reserved_tck'
Slack : 49.692
TNS   : 0.000

Type  : Slow 1200mV 0C Model Setup '50MHzClk'
Slack : 3.210
TNS   : 0.000

Type  : Slow 1200mV 0C Model Setup 'CAM_PCLK'
Slack : 37.020
TNS   : 0.000

Type  : Slow 1200mV 0C Model Setup 'altera_reserved_tck'
Slack : 44.850
TNS   : 0.000

Type  : Slow 1200mV 0C Model Hold '50MHzClk'
Slack : 0.340
TNS   : 0.000

Type  : Slow 1200mV 0C Model Hold 'altera_reserved_tck'
Slack : 0.361
TNS   : 0.000

Type  : Slow 1200mV 0C Model Hold 'CAM_PCLK'
Slack : 0.387
TNS   : 0.000

Type  : Slow 1200mV 0C Model Recovery '50MHzClk'
Slack : 14.122
TNS   : 0.000

Type  : Slow 1200mV 0C Model Recovery 'altera_reserved_tck'
Slack : 47.682
TNS   : 0.000

Type  : Slow 1200mV 0C Model Removal '50MHzClk'
Slack : 1.177
TNS   : 0.000

Type  : Slow 1200mV 0C Model Removal 'altera_reserved_tck'
Slack : 1.293
TNS   : 0.000

Type  : Slow 1200mV 0C Model Minimum Pulse Width '50MHzClk'
Slack : 9.529
TNS   : 0.000

Type  : Slow 1200mV 0C Model Minimum Pulse Width 'CAM_PCLK'
Slack : 20.363
TNS   : 0.000

Type  : Slow 1200mV 0C Model Minimum Pulse Width 'altera_reserved_tck'
Slack : 49.635
TNS   : 0.000

Type  : Fast 1200mV 0C Model Setup '50MHzClk'
Slack : 10.829
TNS   : 0.000

Type  : Fast 1200mV 0C Model Setup 'CAM_PCLK'
Slack : 39.098
TNS   : 0.000

Type  : Fast 1200mV 0C Model Setup 'altera_reserved_tck'
Slack : 47.233
TNS   : 0.000

Type  : Fast 1200mV 0C Model Hold '50MHzClk'
Slack : 0.137
TNS   : 0.000

Type  : Fast 1200mV 0C Model Hold 'altera_reserved_tck'
Slack : 0.186
TNS   : 0.000

Type  : Fast 1200mV 0C Model Hold 'CAM_PCLK'
Slack : 0.201
TNS   : 0.000

Type  : Fast 1200mV 0C Model Recovery '50MHzClk'
Slack : 16.626
TNS   : 0.000

Type  : Fast 1200mV 0C Model Recovery 'altera_reserved_tck'
Slack : 48.810
TNS   : 0.000

Type  : Fast 1200mV 0C Model Removal '50MHzClk'
Slack : 0.626
TNS   : 0.000

Type  : Fast 1200mV 0C Model Removal 'altera_reserved_tck'
Slack : 0.672
TNS   : 0.000

Type  : Fast 1200mV 0C Model Minimum Pulse Width '50MHzClk'
Slack : 9.333
TNS   : 0.000

Type  : Fast 1200mV 0C Model Minimum Pulse Width 'CAM_PCLK'
Slack : 20.231
TNS   : 0.000

Type  : Fast 1200mV 0C Model Minimum Pulse Width 'altera_reserved_tck'
Slack : 49.548
TNS   : 0.000

------------------------------------------------------------
