------------------------------------------------------------
Timing Analyzer Summary
------------------------------------------------------------

Type  : Slow 1200mV 85C Model Setup '50MHzClk'
Slack : 6.007
TNS   : 0.000

Type  : Slow 1200mV 85C Model Setup 'CAM_PCLK'
Slack : 36.729
TNS   : 0.000

Type  : Slow 1200mV 85C Model Setup 'altera_reserved_tck'
Slack : 44.511
TNS   : 0.000

Type  : Slow 1200mV 85C Model Hold '50MHzClk'
Slack : 0.337
TNS   : 0.000

Type  : Slow 1200mV 85C Model Hold 'altera_reserved_tck'
Slack : 0.410
TNS   : 0.000

Type  : Slow 1200mV 85C Model Hold 'CAM_PCLK'
Slack : 0.440
TNS   : 0.000

Type  : Slow 1200mV 85C Model Recovery '50MHzClk'
Slack : 13.103
TNS   : 0.000

Type  : Slow 1200mV 85C Model Recovery 'altera_reserved_tck'
Slack : 47.636
TNS   : 0.000

Type  : Slow 1200mV 85C Model Removal '50MHzClk'
Slack : 1.307
TNS   : 0.000

Type  : Slow 1200mV 85C Model Removal 'altera_reserved_tck'
Slack : 1.397
TNS   : 0.000

Type  : Slow 1200mV 85C Model Minimum Pulse Width '50MHzClk'
Slack : 9.509
TNS   : 0.000

Type  : Slow 1200mV 85C Model Minimum Pulse Width 'CAM_PCLK'
Slack : 20.375
TNS   : 0.000

Type  : Slow 1200mV 85C Model Minimum Pulse Width 'altera_reserved_tck'
Slack : 49.711
TNS   : 0.000

Type  : Slow 1200mV 0C Model Setup '50MHzClk'
Slack : 7.311
TNS   : 0.000

Type  : Slow 1200mV 0C Model Setup 'CAM_PCLK'
Slack : 37.036
TNS   : 0.000

Type  : Slow 1200mV 0C Model Setup 'altera_reserved_tck'
Slack : 45.166
TNS   : 0.000

Type  : Slow 1200mV 0C Model Hold '50MHzClk'
Slack : 0.345
TNS   : 0.000

Type  : Slow 1200mV 0C Model Hold 'altera_reserved_tck'
Slack : 0.360
TNS   : 0.000

Type  : Slow 1200mV 0C Model Hold 'CAM_PCLK'
Slack : 0.387
TNS   : 0.000

Type  : Slow 1200mV 0C Model Recovery '50MHzClk'
Slack : 13.740
TNS   : 0.000

Type  : Slow 1200mV 0C Model Recovery 'altera_reserved_tck'
Slack : 47.926
TNS   : 0.000

Type  : Slow 1200mV 0C Model Removal '50MHzClk'
Slack : 1.177
TNS   : 0.000

Type  : Slow 1200mV 0C Model Removal 'altera_reserved_tck'
Slack : 1.293
TNS   : 0.000

Type  : Slow 1200mV 0C Model Minimum Pulse Width '50MHzClk'
Slack : 9.528
TNS   : 0.000

Type  : Slow 1200mV 0C Model Minimum Pulse Width 'CAM_PCLK'
Slack : 20.359
TNS   : 0.000

Type  : Slow 1200mV 0C Model Minimum Pulse Width 'altera_reserved_tck'
Slack : 49.654
TNS   : 0.000

Type  : Fast 1200mV 0C Model Setup '50MHzClk'
Slack : 12.983
TNS   : 0.000

Type  : Fast 1200mV 0C Model Setup 'CAM_PCLK'
Slack : 39.175
TNS   : 0.000

Type  : Fast 1200mV 0C Model Setup 'altera_reserved_tck'
Slack : 47.489
TNS   : 0.000

Type  : Fast 1200mV 0C Model Hold '50MHzClk'
Slack : 0.135
TNS   : 0.000

Type  : Fast 1200mV 0C Model Hold 'altera_reserved_tck'
Slack : 0.185
TNS   : 0.000

Type  : Fast 1200mV 0C Model Hold 'CAM_PCLK'
Slack : 0.201
TNS   : 0.000

Type  : Fast 1200mV 0C Model Recovery '50MHzClk'
Slack : 16.284
TNS   : 0.000

Type  : Fast 1200mV 0C Model Recovery 'altera_reserved_tck'
Slack : 48.979
TNS   : 0.000

Type  : Fast 1200mV 0C Model Removal '50MHzClk'
Slack : 0.625
TNS   : 0.000

Type  : Fast 1200mV 0C Model Removal 'altera_reserved_tck'
Slack : 0.660
TNS   : 0.000

Type  : Fast 1200mV 0C Model Minimum Pulse Width '50MHzClk'
Slack : 9.333
TNS   : 0.000

Type  : Fast 1200mV 0C Model Minimum Pulse Width 'CAM_PCLK'
Slack : 20.238
TNS   : 0.000

Type  : Fast 1200mV 0C Model Minimum Pulse Width 'altera_reserved_tck'
Slack : 49.542
TNS   : 0.000

------------------------------------------------------------
