------------------------------------------------------------
Timing Analyzer Summary
------------------------------------------------------------

Type  : Slow 1200mV 85C Model Setup '50MHzClk'
Slack : 1.136
TNS   : 0.000

Type  : Slow 1200mV 85C Model Setup 'CAM_PCLK'
Slack : 37.483
TNS   : 0.000

Type  : Slow 1200mV 85C Model Setup 'altera_reserved_tck'
Slack : 44.692
TNS   : 0.000

Type  : Slow 1200mV 85C Model Hold '50MHzClk'
Slack : 0.394
TNS   : 0.000

Type  : Slow 1200mV 85C Model Hold 'altera_reserved_tck'
Slack : 0.408
TNS   : 0.000

Type  : Slow 1200mV 85C Model Hold 'CAM_PCLK'
Slack : 0.440
TNS   : 0.000

Type  : Slow 1200mV 85C Model Recovery '50MHzClk'
Slack : 13.425
TNS   : 0.000

Type  : Slow 1200mV 85C Model Recovery 'altera_reserved_tck'
Slack : 47.846
TNS   : 0.000

Type  : Slow 1200mV 85C Model Removal '50MHzClk'
Slack : 1.180
TNS   : 0.000

Type  : Slow 1200mV 85C Model Removal 'altera_reserved_tck'
Slack : 1.525
TNS   : 0.000

Type  : Slow 1200mV 85C Model Minimum Pulse Width '50MHzClk'
Slack : 9.507
TNS   : 0.000

Type  : Slow 1200mV 85C Model Minimum Pulse Width 'CAM_PCLK'
Slack : 20.367
TNS   : 0.000

Type  : Slow 1200mV 85C Model Minimum Pulse Width 'altera_reserved_tck'
Slack : 49.716
TNS   : 0.000

Type  : Slow 1200mV 0C Model Setup '50MHzClk'
Slack : 2.880
TNS   : 0.000

Type  : Slow 1200mV 0C Model Setup 'CAM_PCLK'
Slack : 37.782
TNS   : 0.000

Type  : Slow 1200mV 0C Model Setup 'altera_reserved_tck'
Slack : 45.117
TNS   : 0.000

Type  : Slow 1200mV 0C Model Hold '50MHzClk'
Slack : 0.344
TNS   : 0.000

Type  : Slow 1200mV 0C Model Hold 'altera_reserved_tck'
Slack : 0.360
TNS   : 0.000

Type  : Slow 1200mV 0C Model Hold 'CAM_PCLK'
Slack : 0.387
TNS   : 0.000

Type  : Slow 1200mV 0C Model Recovery '50MHzClk'
Slack : 14.035
TNS   : 0.000

Type  : Slow 1200mV 0C Model Recovery 'altera_reserved_tck'
Slack : 48.137
TNS   : 0.000

Type  : Slow 1200mV 0C Model Removal '50MHzClk'
Slack : 1.063
TNS   : 0.000

Type  : Slow 1200mV 0C Model Removal 'altera_reserved_tck'
Slack : 1.404
TNS   : 0.000

Type  : Slow 1200mV 0C Model Minimum Pulse Width '50MHzClk'
Slack : 9.525
TNS   : 0.000

Type  : Slow 1200mV 0C Model Minimum Pulse Width 'CAM_PCLK'
Slack : 20.364
TNS   : 0.000

Type  : Slow 1200mV 0C Model Minimum Pulse Width 'altera_reserved_tck'
Slack : 49.658
TNS   : 0.000

Type  : Fast 1200mV 0C Model Setup '50MHzClk'
Slack : 10.699
TNS   : 0.000

Type  : Fast 1200mV 0C Model Setup 'CAM_PCLK'
Slack : 39.550
TNS   : 0.000

Type  : Fast 1200mV 0C Model Setup 'altera_reserved_tck'
Slack : 47.495
TNS   : 0.000

Type  : Fast 1200mV 0C Model Hold '50MHzClk'
Slack : 0.177
TNS   : 0.000

Type  : Fast 1200mV 0C Model Hold 'altera_reserved_tck'
Slack : 0.185
TNS   : 0.000

Type  : Fast 1200mV 0C Model Hold 'CAM_PCLK'
Slack : 0.201
TNS   : 0.000

Type  : Fast 1200mV 0C Model Recovery '50MHzClk'
Slack : 16.471
TNS   : 0.000

Type  : Fast 1200mV 0C Model Recovery 'altera_reserved_tck'
Slack : 49.093
TNS   : 0.000

Type  : Fast 1200mV 0C Model Removal '50MHzClk'
Slack : 0.555
TNS   : 0.000

Type  : Fast 1200mV 0C Model Removal 'altera_reserved_tck'
Slack : 0.718
TNS   : 0.000

Type  : Fast 1200mV 0C Model Minimum Pulse Width '50MHzClk'
Slack : 9.333
TNS   : 0.000

Type  : Fast 1200mV 0C Model Minimum Pulse Width 'CAM_PCLK'
Slack : 20.232
TNS   : 0.000

Type  : Fast 1200mV 0C Model Minimum Pulse Width 'altera_reserved_tck'
Slack : 49.544
TNS   : 0.000

------------------------------------------------------------
